<?xml version="1.0" encoding="UTF-8"?>
<testsuites name="jest tests" tests="1" failures="0" errors="0" time="7.975">
  <testsuite name="undefined" errors="0" failures="0" skipped="0" timestamp="2021-08-10T07:32:43" time="5.152" tests="1">
    <testcase classname=" renders learn react link" name=" renders learn react link" time="0.08">
    </testcase>
  </testsuite>
</testsuites>